// Jest Snapshot v1, https://goo.gl/fbAQLP

exports[`utils test should return a country details 1`] = `
"Object {
  \\"countryType\\": \\"recipient\\",
  \\"hasPDF\\": true,
  \\"has_domestic_data\\": \\"1\\",
  \\"id\\": \\"UG\\",
  \\"name\\": \\"Uganda\\",
  \\"slug\\": \\"uganda\\",
}"
`;
